
> my-project@0.1.0 dev
> next dev --hostname 127.0.0.1 --port 3002

▲ Next.js 16.2.4 (Turbopack)
- Local:         http://127.0.0.1:3002
- Network:       http://127.0.0.1:3002
✓ Ready in 10.7s

 GET / 200 in 3.4s (next.js: 1151ms, proxy.ts: 289ms, application-code: 1953ms)
 GET / 200 in 668ms (next.js: 65ms, proxy.ts: 63ms, application-code: 539ms)
 GET /login/ 200 in 4.1s (next.js: 3.6s, proxy.ts: 23ms, application-code: 479ms)
 GET / 200 in 11.2s (next.js: 869ms, proxy.ts: 2.8s, application-code: 7.5s)
 GET /icon.svg 404 in 7.7s (next.js: 2.9s, application-code: 4.8s)
 GET /icon.svg 404 in 2.1s (next.js: 703ms, application-code: 1444ms)
 GET /icon-dark-32x32.png 404 in 3.7s (next.js: 961ms, application-code: 2.8s)
 GET /login/ 200 in 371ms (next.js: 129ms, proxy.ts: 33ms, application-code: 209ms)
 GET /login/ 200 in 560ms (next.js: 23ms, proxy.ts: 99ms, application-code: 438ms)
○ Compiling /signup ...
 GET /signup/ 200 in 4.1s (next.js: 3.8s, proxy.ts: 15ms, application-code: 262ms)
 GET / 200 in 326ms (next.js: 19ms, proxy.ts: 15ms, application-code: 292ms)
 GET / 200 in 314ms (next.js: 10ms, proxy.ts: 9ms, application-code: 295ms)
 GET / 200 in 360ms (next.js: 12ms, proxy.ts: 17ms, application-code: 331ms)
 GET / 200 in 1520ms (next.js: 218ms, proxy.ts: 402ms, application-code: 900ms)
 GET / 200 in 324ms (next.js: 16ms, proxy.ts: 8ms, application-code: 299ms)
 GET / 200 in 795ms (next.js: 106ms, proxy.ts: 170ms, application-code: 520ms)
✓ Compiled in 1002ms
 GET / 200 in 884ms (next.js: 484ms, proxy.ts: 224ms, application-code: 175ms)
✓ Compiled in 1683ms
 GET / 200 in 1303ms (next.js: 105ms, proxy.ts: 1036ms, application-code: 162ms)
 GET / 200 in 1902ms (next.js: 364ms, proxy.ts: 74ms, application-code: 1464ms)
 GET / 200 in 1856ms (next.js: 440ms, proxy.ts: 14ms, application-code: 1402ms)
✓ Compiled in 650ms
 GET / 200 in 528ms (next.js: 315ms, proxy.ts: 71ms, application-code: 142ms)
 GET / 200 in 1358ms (next.js: 178ms, proxy.ts: 148ms, application-code: 1032ms)
 GET / 200 in 887ms (next.js: 26ms, proxy.ts: 33ms, application-code: 828ms)
 GET / 200 in 968ms (next.js: 314ms, proxy.ts: 41ms, application-code: 613ms)
 GET / 200 in 979ms (next.js: 67ms, proxy.ts: 28ms, application-code: 884ms)
 GET / 200 in 979ms (next.js: 153ms, proxy.ts: 36ms, application-code: 790ms)
 GET / 200 in 1012ms (next.js: 447ms, proxy.ts: 48ms, application-code: 517ms)
 GET / 200 in 918ms (next.js: 21ms, proxy.ts: 13ms, application-code: 884ms)
 GET / 200 in 955ms (next.js: 24ms, proxy.ts: 20ms, application-code: 911ms)
 GET / 200 in 807ms (next.js: 65ms, proxy.ts: 34ms, application-code: 708ms)
 GET / 200 in 860ms (next.js: 167ms, proxy.ts: 36ms, application-code: 657ms)
 GET / 200 in 857ms (next.js: 253ms, proxy.ts: 39ms, application-code: 564ms)
 GET / 200 in 854ms (next.js: 424ms, proxy.ts: 27ms, application-code: 403ms)
 GET / 200 in 622ms (next.js: 14ms, proxy.ts: 11ms, application-code: 596ms)
 GET / 200 in 472ms (next.js: 21ms, proxy.ts: 12ms, application-code: 439ms)
 GET / 200 in 466ms (next.js: 48ms, proxy.ts: 18ms, application-code: 400ms)
 GET / 200 in 467ms (next.js: 124ms, proxy.ts: 25ms, application-code: 318ms)
 GET / 200 in 545ms (next.js: 171ms, proxy.ts: 24ms, application-code: 349ms)
 GET / 200 in 533ms (next.js: 158ms, proxy.ts: 95ms, application-code: 280ms)
 GET / 200 in 548ms (next.js: 32ms, proxy.ts: 8ms, application-code: 507ms)
 GET / 200 in 489ms (next.js: 23ms, proxy.ts: 13ms, application-code: 452ms)
 GET / 200 in 488ms (next.js: 42ms, proxy.ts: 13ms, application-code: 433ms)
 GET / 200 in 564ms (next.js: 95ms, proxy.ts: 20ms, application-code: 449ms)
 GET / 200 in 569ms (next.js: 97ms, proxy.ts: 76ms, application-code: 396ms)
 GET / 200 in 507ms (next.js: 92ms, proxy.ts: 83ms, application-code: 332ms)
 GET / 200 in 540ms (next.js: 28ms, proxy.ts: 11ms, application-code: 501ms)
 GET / 200 in 537ms (next.js: 87ms, proxy.ts: 7ms, application-code: 442ms)
 GET / 200 in 487ms (next.js: 36ms, proxy.ts: 28ms, application-code: 424ms)
 GET / 200 in 503ms (next.js: 114ms, proxy.ts: 15ms, application-code: 374ms)
 GET / 200 in 500ms (next.js: 102ms, proxy.ts: 85ms, application-code: 313ms)
 GET / 200 in 461ms (next.js: 132ms, proxy.ts: 12ms, application-code: 317ms)
 GET / 200 in 403ms (next.js: 26ms, proxy.ts: 9ms, application-code: 367ms)
 GET / 200 in 395ms (next.js: 117ms, proxy.ts: 12ms, application-code: 265ms)
 GET / 200 in 294ms (next.js: 25ms, proxy.ts: 48ms, application-code: 220ms)
 GET / 200 in 372ms (next.js: 67ms, proxy.ts: 12ms, application-code: 293ms)
 GET / 200 in 423ms (next.js: 62ms, proxy.ts: 48ms, application-code: 314ms)
 GET / 200 in 384ms (next.js: 101ms, proxy.ts: 10ms, application-code: 272ms)
 GET / 200 in 490ms (next.js: 30ms, proxy.ts: 8ms, application-code: 451ms)
 GET / 200 in 493ms (next.js: 98ms, proxy.ts: 11ms, application-code: 384ms)
 GET / 200 in 432ms (next.js: 57ms, proxy.ts: 9ms, application-code: 366ms)
 GET / 200 in 512ms (next.js: 29ms, proxy.ts: 59ms, application-code: 424ms)
 GET / 200 in 469ms (next.js: 117ms, proxy.ts: 11ms, application-code: 340ms)
 GET / 200 in 527ms (next.js: 64ms, proxy.ts: 101ms, application-code: 362ms)
 GET / 200 in 427ms (next.js: 35ms, proxy.ts: 14ms, application-code: 379ms)
 GET / 200 in 414ms (next.js: 78ms, proxy.ts: 12ms, application-code: 323ms)
 GET / 200 in 358ms (next.js: 38ms, proxy.ts: 78ms, application-code: 242ms)
 GET / 200 in 360ms (next.js: 87ms, proxy.ts: 14ms, application-code: 260ms)
 GET / 200 in 357ms (next.js: 59ms, proxy.ts: 12ms, application-code: 287ms)
 GET / 200 in 362ms (next.js: 60ms, proxy.ts: 7ms, application-code: 295ms)
 GET / 200 in 394ms (next.js: 52ms, proxy.ts: 10ms, application-code: 332ms)
 GET / 200 in 403ms (next.js: 16ms, proxy.ts: 11ms, application-code: 376ms)
 GET / 200 in 370ms (next.js: 28ms, proxy.ts: 48ms, application-code: 294ms)
 GET / 200 in 415ms (next.js: 82ms, proxy.ts: 10ms, application-code: 323ms)
 GET / 200 in 469ms (next.js: 21ms, proxy.ts: 61ms, application-code: 387ms)
 GET / 200 in 465ms (next.js: 55ms, proxy.ts: 9ms, application-code: 401ms)
 GET / 200 in 477ms (next.js: 39ms, proxy.ts: 10ms, application-code: 427ms)
 GET / 200 in 479ms (next.js: 116ms, proxy.ts: 13ms, application-code: 350ms)
 GET / 200 in 496ms (next.js: 84ms, proxy.ts: 101ms, application-code: 310ms)
 GET / 200 in 357ms (next.js: 63ms, proxy.ts: 30ms, application-code: 263ms)
 GET / 200 in 430ms (next.js: 19ms, proxy.ts: 11ms, application-code: 399ms)
 GET / 200 in 620ms (next.js: 89ms, proxy.ts: 7ms, application-code: 524ms)
 GET / 200 in 625ms (next.js: 108ms, proxy.ts: 21ms, application-code: 495ms)
 GET / 200 in 635ms (next.js: 37ms, proxy.ts: 18ms, application-code: 581ms)
 GET / 200 in 601ms (next.js: 31ms, proxy.ts: 181ms, application-code: 389ms)
 GET / 200 in 422ms (next.js: 82ms, proxy.ts: 14ms, application-code: 326ms)
 GET / 200 in 354ms (next.js: 32ms, proxy.ts: 142ms, application-code: 180ms)
 GET / 200 in 202ms (next.js: 27ms, proxy.ts: 75ms, application-code: 100ms)
 GET / 200 in 614ms (next.js: 131ms, proxy.ts: 59ms, application-code: 425ms)
 GET / 200 in 418ms (next.js: 14ms, proxy.ts: 10ms, application-code: 394ms)
 GET / 200 in 325ms (next.js: 20ms, proxy.ts: 16ms, application-code: 290ms)
 GET / 200 in 325ms (next.js: 50ms, proxy.ts: 16ms, application-code: 258ms)
 GET / 200 in 330ms (next.js: 152ms, proxy.ts: 17ms, application-code: 161ms)
 GET / 200 in 336ms (next.js: 87ms, proxy.ts: 17ms, application-code: 232ms)
 GET / 200 in 412ms (next.js: 25ms, proxy.ts: 9ms, application-code: 378ms)
 GET / 200 in 379ms (next.js: 33ms, proxy.ts: 7ms, application-code: 338ms)
 GET / 200 in 388ms (next.js: 110ms, proxy.ts: 16ms, application-code: 262ms)
 GET / 200 in 391ms (next.js: 94ms, proxy.ts: 78ms, application-code: 219ms)
 GET / 200 in 322ms (next.js: 120ms, proxy.ts: 18ms, application-code: 184ms)
 GET / 200 in 412ms (next.js: 153ms, proxy.ts: 24ms, application-code: 235ms)
 GET / 200 in 409ms (next.js: 12ms, proxy.ts: 6ms, application-code: 391ms)
 GET / 200 in 362ms (next.js: 38ms, proxy.ts: 10ms, application-code: 314ms)
 GET / 200 in 389ms (next.js: 73ms, proxy.ts: 58ms, application-code: 259ms)
 GET / 200 in 381ms (next.js: 91ms, proxy.ts: 78ms, application-code: 212ms)
 GET / 200 in 302ms (next.js: 121ms, proxy.ts: 21ms, application-code: 160ms)
 GET / 200 in 341ms (next.js: 157ms, proxy.ts: 10ms, application-code: 174ms)
 GET / 200 in 386ms (next.js: 11ms, proxy.ts: 7ms, application-code: 368ms)
 GET / 200 in 354ms (next.js: 29ms, proxy.ts: 11ms, application-code: 314ms)
 GET / 200 in 428ms (next.js: 71ms, proxy.ts: 10ms, application-code: 347ms)
 GET / 200 in 434ms (next.js: 85ms, proxy.ts: 53ms, application-code: 296ms)
 GET / 200 in 393ms (next.js: 114ms, proxy.ts: 16ms, application-code: 263ms)
 GET / 200 in 427ms (next.js: 135ms, proxy.ts: 64ms, application-code: 228ms)
 GET / 200 in 525ms (next.js: 31ms, proxy.ts: 7ms, application-code: 487ms)
 GET / 200 in 522ms (next.js: 34ms, proxy.ts: 83ms, application-code: 405ms)
 GET / 200 in 502ms (next.js: 78ms, proxy.ts: 14ms, application-code: 410ms)
 GET / 200 in 490ms (next.js: 98ms, proxy.ts: 45ms, application-code: 346ms)
 GET / 200 in 529ms (next.js: 178ms, proxy.ts: 15ms, application-code: 336ms)
 GET / 200 in 531ms (next.js: 198ms, proxy.ts: 68ms, application-code: 265ms)
 GET / 200 in 539ms (next.js: 28ms, proxy.ts: 8ms, application-code: 503ms)
 GET / 200 in 543ms (next.js: 85ms, proxy.ts: 12ms, application-code: 447ms)
 GET / 200 in 480ms (next.js: 39ms, proxy.ts: 79ms, application-code: 362ms)
 GET / 200 in 477ms (next.js: 77ms, proxy.ts: 81ms, application-code: 319ms)
 GET / 200 in 536ms (next.js: 152ms, proxy.ts: 13ms, application-code: 370ms)
 GET / 200 in 625ms (next.js: 86ms, proxy.ts: 131ms, application-code: 409ms)
 GET / 200 in 518ms (next.js: 27ms, proxy.ts: 12ms, application-code: 479ms)
 GET / 200 in 517ms (next.js: 161ms, proxy.ts: 9ms, application-code: 347ms)
 GET / 200 in 388ms (next.js: 125ms, proxy.ts: 11ms, application-code: 252ms)
 GET / 200 in 390ms (next.js: 154ms, proxy.ts: 17ms, application-code: 220ms)
 GET / 200 in 393ms (next.js: 90ms, proxy.ts: 14ms, application-code: 288ms)
 GET / 200 in 489ms (next.js: 91ms, proxy.ts: 44ms, application-code: 354ms)
 GET / 200 in 706ms (next.js: 63ms, proxy.ts: 11ms, application-code: 633ms)
 GET / 200 in 693ms (next.js: 119ms, proxy.ts: 20ms, application-code: 555ms)
 GET / 200 in 677ms (next.js: 155ms, proxy.ts: 18ms, application-code: 504ms)
 GET / 200 in 693ms (next.js: 159ms, proxy.ts: 94ms, application-code: 439ms)
 GET / 200 in 674ms (next.js: 227ms, proxy.ts: 54ms, application-code: 393ms)
 GET / 200 in 719ms (next.js: 146ms, proxy.ts: 23ms, application-code: 550ms)
 GET / 200 in 716ms (next.js: 43ms, proxy.ts: 17ms, application-code: 656ms)
 GET / 200 in 710ms (next.js: 121ms, proxy.ts: 13ms, application-code: 577ms)
 GET / 200 in 723ms (next.js: 192ms, proxy.ts: 20ms, application-code: 512ms)
 GET / 200 in 715ms (next.js: 199ms, proxy.ts: 84ms, application-code: 433ms)
 GET / 200 in 657ms (next.js: 215ms, proxy.ts: 86ms, application-code: 355ms)
 GET / 200 in 751ms (next.js: 39ms, proxy.ts: 148ms, application-code: 564ms)
 GET / 200 in 706ms (next.js: 70ms, proxy.ts: 11ms, application-code: 625ms)
 GET / 200 in 697ms (next.js: 151ms, proxy.ts: 21ms, application-code: 525ms)
 GET / 200 in 693ms (next.js: 191ms, proxy.ts: 26ms, application-code: 477ms)
 GET / 200 in 686ms (next.js: 156ms, proxy.ts: 97ms, application-code: 432ms)
 GET / 200 in 686ms (next.js: 207ms, proxy.ts: 85ms, application-code: 394ms)
 GET / 200 in 563ms (next.js: 67ms, proxy.ts: 16ms, application-code: 480ms)
 GET / 200 in 655ms (next.js: 31ms, proxy.ts: 15ms, application-code: 609ms)
 GET / 200 in 657ms (next.js: 129ms, proxy.ts: 16ms, application-code: 512ms)
 GET / 200 in 639ms (next.js: 184ms, proxy.ts: 8ms, application-code: 447ms)
 GET / 200 in 632ms (next.js: 152ms, proxy.ts: 106ms, application-code: 374ms)
 GET / 200 in 480ms (next.js: 161ms, proxy.ts: 15ms, application-code: 305ms)
 GET / 200 in 197ms (next.js: 23ms, proxy.ts: 14ms, application-code: 160ms)
 GET / 200 in 999ms (next.js: 14ms, proxy.ts: 9ms, application-code: 976ms)
 GET / 200 in 235ms (next.js: 18ms, proxy.ts: 14ms, application-code: 203ms)
 GET / 200 in 416ms (next.js: 20ms, proxy.ts: 11ms, application-code: 385ms)
 GET / 200 in 260ms (next.js: 12ms, proxy.ts: 8ms, application-code: 240ms)
✓ Compiled in 386ms
✓ Compiled in 223ms
✓ Compiled in 737ms
 GET / 200 in 895ms (next.js: 250ms, proxy.ts: 73ms, application-code: 573ms)
 GET / 200 in 532ms (next.js: 41ms, proxy.ts: 437ms, application-code: 54ms)
 GET / 200 in 845ms (next.js: 291ms, proxy.ts: 7ms, application-code: 547ms)
✓ Compiled in 279ms
 GET / 200 in 193ms (next.js: 120ms, proxy.ts: 26ms, application-code: 47ms)
✓ Compiled in 205ms
 GET / 200 in 209ms (next.js: 132ms, proxy.ts: 21ms, application-code: 56ms)
✓ Compiled in 183ms
 GET / 200 in 176ms (next.js: 101ms, proxy.ts: 23ms, application-code: 52ms)
✓ Compiled in 165ms
 GET / 200 in 170ms (next.js: 98ms, proxy.ts: 20ms, application-code: 52ms)
✓ Compiled in 508ms
 GET / 200 in 63ms (next.js: 12ms, proxy.ts: 10ms, application-code: 41ms)
 GET / 200 in 679ms (next.js: 129ms, proxy.ts: 35ms, application-code: 515ms)
 GET / 200 in 681ms (next.js: 172ms, proxy.ts: 36ms, application-code: 473ms)
✓ Compiled in 142ms
 GET / 200 in 314ms (next.js: 188ms, proxy.ts: 76ms, application-code: 51ms)
 GET / 200 in 618ms (next.js: 13ms, proxy.ts: 10ms, application-code: 595ms)
 GET / 200 in 195ms (next.js: 4ms, proxy.ts: 6ms, application-code: 185ms)
 GET /listings/ 200 in 1693ms (next.js: 1535ms, proxy.ts: 4ms, application-code: 154ms)
 GET /demo/plot-3d/ 200 in 1786ms (next.js: 1634ms, proxy.ts: 8ms, application-code: 144ms)
 GET /login/?next=%2Fdashboard%2F 200 in 251ms (next.js: 31ms, proxy.ts: 8ms, application-code: 213ms)
 GET /login/?next=%2Fdashboard%2Famenities%2F 200 in 75ms (next.js: 7ms, proxy.ts: 4ms, application-code: 63ms)
 GET /login/?next=%2Fdashboard%2Fpayments%2F 200 in 41ms (next.js: 4ms, proxy.ts: 3ms, application-code: 35ms)
 GET /login/?next=%2Fdashboard%2Fvalue-tracker%2F 200 in 44ms (next.js: 4ms, proxy.ts: 3ms, application-code: 37ms)
 GET /login/?next=%2Fdashboard%2Fsettings%2F 200 in 48ms (next.js: 6ms, proxy.ts: 4ms, application-code: 38ms)
 GET / 200 in 162ms (next.js: 6ms, proxy.ts: 5ms, application-code: 151ms)
 GET /listings/ 200 in 84ms (next.js: 7ms, proxy.ts: 4ms, application-code: 73ms)
 GET /demo/plot-3d/ 200 in 47ms (next.js: 4ms, proxy.ts: 3ms, application-code: 40ms)
 GET /login/?next=%2Fdashboard%2Fpayments%2F 200 in 53ms (next.js: 4ms, proxy.ts: 3ms, application-code: 46ms)
 GET /login/?next=%2Fdashboard%2Famenities%2F 200 in 47ms (next.js: 4ms, proxy.ts: 3ms, application-code: 40ms)
 GET /login/?next=%2Fdashboard%2Fvalue-tracker%2F 200 in 46ms (next.js: 4ms, proxy.ts: 3ms, application-code: 39ms)
 GET /login/?next=%2Fdashboard%2Fsettings%2F 200 in 47ms (next.js: 4ms, proxy.ts: 3ms, application-code: 39ms)
 GET / 200 in 262ms (next.js: 20ms, proxy.ts: 13ms, application-code: 229ms)
 GET / 200 in 191ms (next.js: 15ms, proxy.ts: 8ms, application-code: 168ms)
 GET / 200 in 282ms (next.js: 20ms, proxy.ts: 17ms, application-code: 246ms)
 GET /icon.svg 404 in 188ms (next.js: 89ms, application-code: 99ms)
 GET /icon-dark-32x32.png 404 in 310ms (next.js: 34ms, application-code: 276ms)
 GET / 200 in 560ms (next.js: 26ms, proxy.ts: 19ms, application-code: 515ms)
 GET / 200 in 350ms (next.js: 21ms, proxy.ts: 21ms, application-code: 308ms)
 GET / 200 in 457ms (next.js: 27ms, proxy.ts: 19ms, application-code: 411ms)
 GET / 200 in 62ms (next.js: 15ms, proxy.ts: 15ms, application-code: 32ms)
 GET /demo/plot-3d/ 200 in 111ms (next.js: 24ms, proxy.ts: 11ms, application-code: 75ms)
 GET / 200 in 271ms (next.js: 28ms, proxy.ts: 34ms, application-code: 210ms)
 GET / 200 in 294ms (next.js: 15ms, proxy.ts: 10ms, application-code: 268ms)
 GET / 200 in 745ms (next.js: 31ms, proxy.ts: 20ms, application-code: 694ms)
 GET / 200 in 518ms (next.js: 14ms, proxy.ts: 10ms, application-code: 493ms)
 GET / 200 in 510ms (next.js: 10ms, proxy.ts: 8ms, application-code: 491ms)
 GET / 200 in 518ms (next.js: 10ms, proxy.ts: 8ms, application-code: 500ms)
 GET / 200 in 482ms (next.js: 19ms, proxy.ts: 11ms, application-code: 452ms)
 GET / 200 in 226ms (next.js: 12ms, proxy.ts: 5ms, application-code: 210ms)
 GET / 200 in 175ms (next.js: 5ms, proxy.ts: 5ms, application-code: 165ms)
 GET / 200 in 297ms (next.js: 23ms, proxy.ts: 14ms, application-code: 260ms)
✓ Compiled in 2.1s
 GET / 200 in 3.1s (next.js: 663ms, proxy.ts: 254ms, application-code: 2.2s)
 GET / 200 in 2.3s (next.js: 1882ms, proxy.ts: 13ms, application-code: 381ms)
 GET / 200 in 3.3s (next.js: 582ms, proxy.ts: 231ms, application-code: 2.5s)
 GET / 200 in 3.1s (next.js: 704ms, proxy.ts: 29ms, application-code: 2.3s)
 GET / 200 in 3.1s (next.js: 2.0s, proxy.ts: 28ms, application-code: 1023ms)
 GET / 200 in 1054ms (next.js: 79ms, proxy.ts: 46ms, application-code: 929ms)
 GET / 200 in 1237ms (next.js: 30ms, proxy.ts: 23ms, application-code: 1183ms)
 GET / 200 in 719ms (next.js: 78ms, proxy.ts: 547ms, application-code: 94ms)
 GET / 200 in 1033ms (next.js: 152ms, proxy.ts: 21ms, application-code: 860ms)
✓ Compiled in 3s
✓ Compiled in 432ms
 GET / 200 in 3.6s (next.js: 1691ms, proxy.ts: 645ms, application-code: 1229ms)
 GET / 200 in 3.6s (next.js: 2.4s, proxy.ts: 691ms, application-code: 570ms)
 GET / 200 in 2.1s (next.js: 584ms, proxy.ts: 330ms, application-code: 1203ms)
 GET / 200 in 1771ms (next.js: 987ms, proxy.ts: 26ms, application-code: 757ms)
 GET / 200 in 877ms (next.js: 260ms, proxy.ts: 52ms, application-code: 566ms)
 GET / 200 in 321ms (next.js: 43ms, proxy.ts: 55ms, application-code: 223ms)
 GET / 200 in 657ms (next.js: 225ms, proxy.ts: 98ms, application-code: 334ms)
 GET / 200 in 194ms (next.js: 22ms, proxy.ts: 19ms, application-code: 153ms)
 GET / 200 in 643ms (next.js: 289ms, proxy.ts: 167ms, application-code: 187ms)
 GET / 200 in 723ms (next.js: 17ms, proxy.ts: 16ms, application-code: 690ms)
 GET / 200 in 247ms (next.js: 27ms, proxy.ts: 27ms, application-code: 194ms)
 GET / 200 in 96ms (next.js: 12ms, proxy.ts: 10ms, application-code: 75ms)
 GET / 200 in 1480ms (next.js: 27ms, proxy.ts: 28ms, application-code: 1424ms)
 GET /demo/plot-3d/ 200 in 509ms (next.js: 158ms, proxy.ts: 19ms, application-code: 332ms)
 GET /signup/?next=/dashboard&intent=add-property 200 in 818ms (next.js: 361ms, proxy.ts: 11ms, application-code: 446ms)
 GET / 200 in 316ms (next.js: 20ms, proxy.ts: 19ms, application-code: 278ms)
✓ Compiled in 630ms
 GET / 200 in 894ms (next.js: 68ms, proxy.ts: 166ms, application-code: 660ms)
 GET / 200 in 746ms (next.js: 27ms, proxy.ts: 18ms, application-code: 701ms)
 GET / 200 in 679ms (next.js: 21ms, proxy.ts: 8ms, application-code: 650ms)
 GET / 200 in 364ms (next.js: 24ms, proxy.ts: 16ms, application-code: 323ms)
 GET / 200 in 431ms (next.js: 8ms, proxy.ts: 7ms, application-code: 417ms)
 GET / 200 in 501ms (next.js: 38ms, proxy.ts: 36ms, application-code: 427ms)
 GET / 200 in 689ms (next.js: 11ms, proxy.ts: 19ms, application-code: 658ms)
✓ Compiled in 629ms
 GET / 200 in 183ms (next.js: 17ms, proxy.ts: 14ms, application-code: 153ms)
 GET / 200 in 410ms (next.js: 15ms, proxy.ts: 11ms, application-code: 385ms)
✓ Compiled in 145ms
 GET / 200 in 229ms (next.js: 13ms, proxy.ts: 9ms, application-code: 207ms)
 GET / 200 in 468ms (next.js: 20ms, proxy.ts: 20ms, application-code: 428ms)
